[  0%] Building CXX object CMakeFiles/mirrorcpp.dir/src/schedule.cpp.o
[ 66%] Built target Catch2
[ 67%] Built target Catch2WithMain
[ 68%] Linking CXX static library libmirrorcpp.a
[ 75%] Built target mirrorcpp
[ 76%] Linking CXX executable scheduled_counter
[ 77%] Linking CXX executable hourclock
[ 78%] Linking CXX executable mirrorcpp_transport_test
[ 78%] Linking CXX executable mirrorcpp_smoke_test
[ 79%] Built target scheduled_counter
[ 80%] Linking CXX executable mirrorcpp_tls_test
[ 81%] Built target mirrorcpp_smoke_test
[ 82%] Linking CXX executable mirrorcpp_registry_test
[ 82%] Built target mirrorcpp_transport_test
[ 82%] Linking CXX executable mirrorcpp_value_test
[ 82%] Built target hourclock
[ 83%] Linking CXX executable mirrorcpp_error_test
[ 83%] Built target mirrorcpp_tls_test
[ 83%] Linking CXX executable mirrorcpp_protocol_test
[ 83%] Built target mirrorcpp_registry_test
[ 84%] Built target mirrorcpp_value_test
[ 85%] Linking CXX executable mirrorcpp_model_interface_test
[ 85%] Built target mirrorcpp_error_test
[ 85%] Linking CXX executable mirrorcpp_generated_model_interface_test
[ 86%] Linking CXX executable mirrorcpp_spec_test
[ 87%] Built target mirrorcpp_spec_test
[ 88%] Built target mirrorcpp_generated_model_interface_test
[ 88%] Linking CXX executable mirrorcpp_golden_corpus_test
[ 89%] Built target mirrorcpp_protocol_test
[ 89%] Building CXX object test/unit/CMakeFiles/mirrorcpp_schedule_test.dir/schedule_test.cpp.o
[ 90%] Linking CXX executable mirrorcpp_client_integration_test
[ 90%] Built target mirrorcpp_model_interface_test
[ 90%] Linking CXX executable mirrorcpp_one_shot_flows_test
[ 91%] Built target mirrorcpp_golden_corpus_test
[ 92%] Linking CXX executable mirrorcpp_explore_session_test
[ 93%] Built target mirrorcpp_client_integration_test
[ 93%] Linking CXX executable mirrorcpp_async_jobs_test
[ 94%] Built target mirrorcpp_one_shot_flows_test
[ 95%] Linking CXX executable mirrorcpp_mbt_test
[ 96%] Built target mirrorcpp_async_jobs_test
[ 96%] Built target mirrorcpp_explore_session_test
[ 97%] Linking CXX executable mirrorcpp_real_mirror_test
[ 98%] Built target mirrorcpp_mbt_test
[ 99%] Built target mirrorcpp_real_mirror_test
[100%] Linking CXX executable mirrorcpp_schedule_test
[100%] Built target mirrorcpp_schedule_test
