ok: pki: server cert signed
ok: pki: client cert signed
ok: pki: nosan cert signed
ok: pki: rogue cert signed
ok: pki: soon-expiry cert signed
ok: pki: other-san cert signed
ok: pki: stray (unchainable) cert signed
ok: pki: expired cert signed
ok: server ctx (good PKI)
ok: server ctx rejected: no SAN
ok: server ctx rejected: group-readable key (non-vacuous)
ok: server ctx rejected: unchainable cert
ok: server ctx rejected: cert/key mismatch
ok: server ctx rejected: garbage cert file
ok: server ctx rejected: empty cert file
ok: fingerprint of garbage cert is none
warning: server certificate .lake/build/tmp-pki/expired.crt expires in 0 day(s)
ok: expired cert: ctx still created (warn-only)
ok: expired cert days <= 0 (M2)
ok: client ctx (good PKI)
ok: fingerprint matches openssl CLI
ok: soon cert days in [1,2]
ok: long cert days > 300
ok: tcp echo round trip
ok: tcp server survived peer drop
ok: mtls echo round trip (TLS 1.3, pinned fp)
ok: ip-literal connect (M3)
session ended: TLS line exceeds 1 MiB cap
ok: oversized line rejected (m6)
ok: server alive after oversized line
ok: mtls wrong fingerprint rejected
ok: client with wrong CA rejected by handshake
ok: other-san ctx (locally valid)
tls: handshake rejected (TLS accept (handshake) failed: error:0A000412:SSL routines::ssl/tls alert bad certificate)
connection skipped
tls: handshake rejected (TLS accept (handshake) failed: error:0A000412:SSL routines::ssl/tls alert bad certificate)
connection skipped
tls: handshake rejected (TLS accept (handshake) failed: error:0A000412:SSL routines::ssl/tls alert bad certificate)
connection skipped
ok: client hostname SAN mismatch rejected
ok: rogue client ctx (locally valid)
ok: mtls untrusted client cert rejected by server
ok: tls1.2-only peer rejected (no echo)
ok: certificate-less client rejected (no echo)
dbg before ip: pid 218785
TRANSPORT SPEC: all green
