[scenario sha-strict-json]
[scenario lease-reduction]
[scenario canonical-diagnostics]
[scenario replay-partition]
[scenario integer-map-values]
[scenario counter-resolution]
[scenario resource-limits]
[scenario negotiation]
[scenario runtime-negotiation-matrix]
[scenario negotiation-codec]
[scenario cache]
[scenario runtime-cache]
[scenario preflight]
[scenario cli-diagnostics]
[scenario typescript-emitter]
[scenario typescript-async-emitter]
[scenario suite-bundle]
[scenario cpp-emitter]
[scenario rust-emitter]
[scenario semantic-identity-and-large-lock]
[scenario filesystem-hardening]
MODEL INTERFACE SPEC GREEN
