generated DPM kit: 7 owned files in /tmp/dpm-usability-final-consumers/ecma
ECMA generated helper + application seed compiled; controls passed
generated DPM kit: 7 owned files in /tmp/dpm-usability-final-consumers/rust
     Locking 53 packages to latest compatible versions
   Compiling proc-macro2 v1.0.107
   Compiling quote v1.0.47
   Compiling unicode-ident v1.0.26
   Compiling version_check v0.9.5
   Compiling shlex v2.0.1
   Compiling find-msvc-tools v0.1.13
   Compiling libc v0.2.189
   Compiling cfg-if v1.0.5
   Compiling autocfg v1.5.1
   Compiling typenum v1.20.1
   Compiling zeroize v1.9.0
   Compiling serde_core v1.0.229
   Compiling zmij v1.0.23
   Compiling untrusted v0.9.0
   Compiling serde v1.0.229
   Compiling rustls v0.23.45
   Compiling thiserror v1.0.69
   Compiling serde_json v1.0.151
   Compiling subtle v2.6.1
   Compiling memchr v2.8.3
   Compiling itoa v1.0.18
   Compiling cpufeatures v0.2.17
   Compiling once_cell v1.21.4
   Compiling rustls-pki-types v1.15.1
   Compiling cc v1.4.7
   Compiling generic-array v0.14.7
   Compiling num-traits v0.2.19
   Compiling rustls-pemfile v2.2.0
   Compiling syn v3.0.6
   Compiling syn v2.0.119
   Compiling ring v0.17.14
   Compiling crypto-common v0.1.7
   Compiling block-buffer v0.10.4
   Compiling num-integer v0.1.47
   Compiling digest v0.10.7
   Compiling getrandom v0.2.17
   Compiling sha2 v0.10.9
   Compiling num-bigint v0.4.8
   Compiling thiserror-impl v1.0.69
   Compiling serde_derive v1.0.229
   Compiling rustls-webpki v0.103.15
   Compiling mirrorrust v1.0.0 (/home/nzsn/Repos/MirrorRust)
   Compiling dpm-kit-consumer v0.1.0 (/tmp/dpm-usability-final-consumers/rust)
warning: constant `MODEL_SEMANTIC_DIGEST` is never used
 --> src/dpm_kit.rs:2:11
  |
2 | pub const MODEL_SEMANTIC_DIGEST: &str = "d54bd0b831cdfffd1b42ec41e0cd9c71e4ad9374dce7719932a67120faeff3da";
  |           ^^^^^^^^^^^^^^^^^^^^^
  |
  = note: `#[warn(dead_code)]` (part of `#[warn(unused)]`) on by default

warning: constant `MAPPING_SHA256` is never used
 --> src/dpm_kit.rs:3:11
  |
3 | pub const MAPPING_SHA256: &str = "5c37b697b199019fdb8210686c063a155b2841494fa506a92db0b3b57c2067c3";
  |           ^^^^^^^^^^^^^^

warning: constant `CHECKPOINTS` is never used
 --> src/dpm_kit.rs:5:11
  |
5 | pub const CHECKPOINTS: &[&str] = &["read","write"];
  |           ^^^^^^^^^^^

warning: function `initialize` is never used
 --> src/application.rs:4:8
  |
4 | pub fn initialize(session: &mut BindingSession) -> Result<(), String> { session.initialize().map_err(|e| e.to_string()) }
  |        ^^^^^^^^^^

warning: function `transition` is never used
 --> src/application.rs:5:8
  |
5 | pub fn transition(session: &mut BindingSession, action: &str, actor: Option<&str>) -> Result<(), String> {
  |        ^^^^^^^^^^

warning: `dpm-kit-consumer` (bin "dpm-kit-consumer") generated 5 warnings
    Finished `dev` profile [unoptimized + debuginfo] target(s) in 10.82s
     Running `/tmp/dpm-usability-final-consumers/rust-target/debug/dpm-kit-consumer`
Rust generated helper + application seed compiled; controls passed
generated DPM kit: 7 owned files in /tmp/dpm-usability-final-consumers/cpp
Generated kit actual workers: matched; cleanup confirmed
Generated kit actual workers: step_mismatch; cleanup confirmed
Source native/helper/real replay acceptance: /tmp/dpm-usability-final-consumers/acceptance.json
