   Compiling proc-macro2 v1.0.107
   Compiling quote v1.0.47
   Compiling unicode-ident v1.0.26
   Compiling shlex v2.0.1
   Compiling version_check v0.9.5
   Compiling find-msvc-tools v0.1.13
   Compiling libc v0.2.189
   Compiling autocfg v1.5.1
   Compiling cfg-if v1.0.5
   Compiling typenum v1.20.1
   Compiling serde_core v1.0.229
   Compiling zeroize v1.9.0
   Compiling zmij v1.0.23
   Compiling untrusted v0.9.0
   Compiling serde v1.0.229
   Compiling rustls v0.23.45
   Compiling thiserror v1.0.69
   Compiling serde_json v1.0.151
   Compiling once_cell v1.21.4
   Compiling itoa v1.0.18
   Compiling memchr v2.8.3
   Compiling cpufeatures v0.2.17
   Compiling subtle v2.6.1
   Compiling cc v1.4.7
   Compiling rustls-pki-types v1.15.1
   Compiling generic-array v0.14.7
   Compiling num-traits v0.2.19
   Compiling rustls-pemfile v2.2.0
   Compiling syn v3.0.6
   Compiling syn v2.0.119
   Compiling ring v0.17.14
   Compiling num-integer v0.1.47
   Compiling getrandom v0.2.17
   Compiling block-buffer v0.10.4
   Compiling crypto-common v0.1.7
   Compiling digest v0.10.7
   Compiling num-bigint v0.4.8
   Compiling sha2 v0.10.9
   Compiling thiserror-impl v1.0.69
   Compiling serde_derive v1.0.229
   Compiling rustls-webpki v0.103.15
   Compiling mirrorrust v1.0.0 (/tmp/admitted/rust-sdk)
   Compiling mirrors-dpm-rust-consumer v0.1.0 (/tmp/work/rust)
    Finished `dev` profile [unoptimized + debuginfo] target(s) in 11.89s
